[assets/javascripts/vendor/modernizr-2.8.1.js]
[external.html]
[backblue.gif]
[fade.gif]
[assets/images/book/book-sm.png]
[carbon6aba.js]
[ajax/libs/jquery/1.11.0/jquery.min.js]
[assets/javascripts/vendor/jquery-1.11.0.min.js]
[assets/javascripts/main.js]
[widgets.js]
[index-2.html]
[assets/images/code.jpg]
[html-css/index.html]
[advanced-html-css/index.html]
[recommendations/index.html]
[assets/images/courses/html-css/building-your-first-web-page/html-syntax-outline.png]
[assets/images/courses/html-css/building-your-first-web-page/practice-1.png]
[assets/images/courses/html-css/building-your-first-web-page/css-syntax-outline.png]
[assets/images/courses/html-css/building-your-first-web-page/practice-2.png]
[practice/building-your-first-web-page.zip]
[html-css/building-your-first-web-page/index.html]
[assets/embed/ei.js]
[assets/images/courses/html-css/getting-to-know-html/building-structure.png]
[assets/images/courses/html-css/getting-to-know-html/practice-1.png]
[assets/images/courses/html-css/getting-to-know-html/practice-2.png]
[practice/getting-to-know-html.zip]
[html-css/getting-to-know-html/index.html]
[assets/images/courses/html-css/getting-to-know-css/hexadecimal-syntax.png]
[assets/images/courses/html-css/getting-to-know-css/photoshop-color-picker.png]
[html-css/getting-to-know-css/index.html]
[assets/images/courses/html-css/opening-the-box-model/boxes.png]
[assets/images/courses/html-css/opening-the-box-model/box-model.png]
[assets/images/courses/html-css/opening-the-box-model/box-sizing.png]
[assets/images/courses/html-css/opening-the-box-model/developer-tools.png]
[assets/images/courses/html-css/opening-the-box-model/practice-1.png]
[practice/opening-the-box-model.zip]
[html-css/opening-the-box-model/index.html]
[assets/images/courses/html-css/positioning-content/practice-1.png]
[assets/images/courses/html-css/positioning-content/practice-2.png]
[practice/positioning-content.zip]
[html-css/positioning-content/index.html]
[assets/images/courses/html-css/working-with-typography/practice-1.png]
[assets/images/courses/html-css/working-with-typography/practice-2.png]
[assets/images/courses/html-css/working-with-typography/practice-3.png]
[practice/working-with-typography.zip]
[html-css/working-with-typography/index.html]
[assets/images/courses/html-css/setting-backgrounds-and-gradients/background-position.png]
[assets/images/courses/html-css/setting-backgrounds-and-gradients/practice-1.png]
[assets/images/courses/html-css/setting-backgrounds-and-gradients/practice-2.png]
[practice/setting-backgrounds-and-gradients.zip]
[assets/images/courses/html-css/setting-backgrounds-and-gradients/border-box.png]
[assets/images/courses/html-css/setting-backgrounds-and-gradients/padding-box.png]
[assets/images/courses/html-css/setting-backgrounds-and-gradients/content-box.png]
[html-css/setting-backgrounds-and-gradients/index.html]
[assets/images/courses/html-css/creating-lists/practice-1.png]
[practice/creating-lists.zip]
[html-css/creating-lists/index.html]
[assets/images/courses/html-css/adding-media/alternate-text.png]
[practice/images.zip]
[assets/images/courses/html-css/adding-media/practice-1a.png]
[assets/images/courses/html-css/adding-media/practice-1b.png]
[assets/misc/courses/html-css/adding-media/earth.ogv]
[assets/misc/courses/html-css/adding-media/earth.mp4]
[assets/images/courses/html-css/adding-media/earth-video-screenshot.jpg]
[assets/images/courses/html-css/adding-media/practice-2.png]
[practice/adding-media.zip]
[html-css/adding-media/index.html]
[assets/images/courses/html-css/building-forms/ios-date.png]
[assets/images/courses/html-css/building-forms/ios-time.png]
[assets/images/courses/html-css/building-forms/ios-email.png]
[assets/images/courses/html-css/building-forms/ios-url.png]
[assets/images/courses/html-css/building-forms/ios-number.png]
[assets/images/courses/html-css/building-forms/ios-tel.png]
[assets/images/courses/html-css/building-forms/practice-1.png]
[practice/building-forms.zip]
[html-css/building-forms/index.html]
[assets/images/courses/html-css/organizing-data-with-tables/practice-1.png]
[practice/organizing-data-with-tables.zip]
[html-css/organizing-data-with-tables/index.html]
[html-css/writing-your-best-code/index.html]
[assets/images/courses/advanced-html-css/performance-organization/gzip-overview.png]
[assets/images/courses/advanced-html-css/performance-organization/gzip-detail.png]
[assets/images/courses/advanced-html-css/performance-organization/ocean-uncompressed.jpg]
[assets/images/courses/advanced-html-css/performance-organization/ocean-compressed.jpg]
[assets/images/courses/advanced-html-css/performance-organization/imageoptim.png]
[assets/images/courses/advanced-html-css/performance-organization/sprite-outline.png]
[advanced-html-css/performance-organization/index.html]
[advanced-html-css/detailed-css-positioning/index.html]
[advanced-html-css/complex-selectors/index.html]
[assets/images/courses/advanced-html-css/responsive-web-design/food-sense.png]
[assets/images/courses/advanced-html-css/responsive-web-design/without-media-queries.png]
[assets/images/courses/advanced-html-css/responsive-web-design/with-media-queries.png]
[assets/images/courses/advanced-html-css/responsive-web-design/without-viewport.png]
[assets/images/courses/advanced-html-css/responsive-web-design/with-viewport.png]
[assets/images/courses/advanced-html-css/responsive-web-design/viewport-scale.png]
[advanced-html-css/responsive-web-design/index.html]
[advanced-html-css/preprocessors/index.html]
[assets/images/courses/advanced-html-css/jquery/console.png]
[advanced-html-css/jquery/index.html]
[advanced-html-css/css-transforms/index.html]
[advanced-html-css/transitions-animations/index.html]
[assets/images/courses/advanced-html-css/feature-support-polyfills/virtualbox.png]
[assets/images/courses/advanced-html-css/feature-support-polyfills/ie7.png]
[advanced-html-css/feature-support-polyfills/index.html]
[assets/images/courses/advanced-html-css/semantics-accessibility/microdata.jpg]
[advanced-html-css/semantics-accessibility/index.html]
[practice/building-your-first-web-page/index.html]
[practice/getting-to-know-html/index.html]
[practice/opening-the-box-model/index.html]
[practice/positioning-content/index.html]
[practice/working-with-typography/index.html]
[practice/setting-backgrounds-and-gradients/index.html]
[practice/creating-lists/index.html]
[practice/adding-media/assets/images/home/speakers.jpg]
[practice/adding-media/assets/images/home/schedule.jpg]
[practice/adding-media/assets/images/home/venue.jpg]
[practice/adding-media/index.html]
[practice/building-forms/assets/images/home/speakers.jpg]
[practice/building-forms/assets/images/home/schedule.jpg]
[practice/building-forms/assets/images/home/venue.jpg]
[practice/building-forms/index.html]
[practice/organizing-data-with-tables/assets/images/home/speakers.jpg]
[practice/organizing-data-with-tables/assets/images/home/schedule.jpg]
[practice/organizing-data-with-tables/assets/images/home/venue.jpg]
[practice/organizing-data-with-tables/index.html]
[practice/getting-to-know-html/speakers.html]
[practice/getting-to-know-html/schedule.html]
[practice/getting-to-know-html/venue.html]
[practice/getting-to-know-html/register.html]
[practice/opening-the-box-model/speakers.html]
[practice/opening-the-box-model/schedule.html]
[practice/opening-the-box-model/venue.html]
[practice/opening-the-box-model/register.html]
[practice/positioning-content/speakers.html]
[practice/positioning-content/schedule.html]
[practice/positioning-content/venue.html]
[practice/positioning-content/register.html]
[practice/working-with-typography/speakers.html]
[practice/working-with-typography/schedule.html]
[practice/working-with-typography/venue.html]
[practice/working-with-typography/register.html]
[practice/setting-backgrounds-and-gradients/speakers.html]
[practice/setting-backgrounds-and-gradients/schedule.html]
[practice/setting-backgrounds-and-gradients/venue.html]
[practice/setting-backgrounds-and-gradients/register.html]
[practice/creating-lists/speakers.html]
[practice/creating-lists/schedule.html]
[practice/creating-lists/venue.html]
[practice/creating-lists/register.html]
[practice/adding-media/assets/images/speakers/aaron-irizarry.jpg]
[practice/adding-media/assets/images/speakers/adam-connor.jpg]
[practice/adding-media/assets/images/speakers/aj-self.jpg]
[practice/adding-media/assets/images/speakers/arman-ghosh.jpg]
[practice/adding-media/assets/images/speakers/bermon-painter.jpg]
[practice/adding-media/assets/images/speakers/brad-smith.jpg]
[practice/adding-media/assets/images/speakers/candi-lemoine.jpg]
[practice/adding-media/assets/images/speakers/carolyn-chandler.jpg]
[practice/adding-media/assets/images/speakers/chris-mills.jpg]
[practice/adding-media/assets/images/speakers/dan-denney.jpg]
[practice/adding-media/assets/images/speakers/darby-frey.jpg]
[practice/adding-media/assets/images/speakers/erica-decker.jpg]
[practice/adding-media/assets/images/speakers/estelle-weyl.jpg]
[practice/adding-media/assets/images/speakers/jen-myers.jpg]
[practice/adding-media/assets/images/speakers/jenn-downs.jpg]
[practice/adding-media/assets/images/speakers/jennifer-jones.jpg]
[practice/adding-media/assets/images/speakers/leslie-jensen-inman.jpg]
[practice/adding-media/assets/images/speakers/maya-bruck.jpg]
[practice/adding-media/assets/images/speakers/russ-unger.jpg]
[practice/adding-media/assets/images/speakers/shay-howe.jpg]
[practice/adding-media/assets/images/speakers/tessa-harmon.jpg]
[practice/adding-media/assets/images/speakers/victoria-pater.jpg]
[practice/adding-media/assets/images/speakers/vitaly-friedman.jpg]
[practice/adding-media/assets/images/speakers/zoe-mickley-gillenwater.jpg]
[practice/adding-media/speakers.html]
[practice/adding-media/schedule.html]
[practice/adding-media/venue.html]
[practice/adding-media/register.html]
[practice/building-forms/assets/images/speakers/aaron-irizarry.jpg]
[practice/building-forms/assets/images/speakers/adam-connor.jpg]
[practice/building-forms/assets/images/speakers/aj-self.jpg]
[practice/building-forms/assets/images/speakers/arman-ghosh.jpg]
[practice/building-forms/assets/images/speakers/bermon-painter.jpg]
[practice/building-forms/assets/images/speakers/brad-smith.jpg]
[practice/building-forms/assets/images/speakers/candi-lemoine.jpg]
[practice/building-forms/assets/images/speakers/carolyn-chandler.jpg]
[practice/building-forms/assets/images/speakers/chris-mills.jpg]
[practice/building-forms/assets/images/speakers/dan-denney.jpg]
[practice/building-forms/assets/images/speakers/darby-frey.jpg]
[practice/building-forms/assets/images/speakers/erica-decker.jpg]
[practice/building-forms/assets/images/speakers/estelle-weyl.jpg]
[practice/building-forms/assets/images/speakers/jen-myers.jpg]
[practice/building-forms/assets/images/speakers/jenn-downs.jpg]
[practice/building-forms/assets/images/speakers/jennifer-jones.jpg]
[practice/building-forms/assets/images/speakers/leslie-jensen-inman.jpg]
[practice/building-forms/assets/images/speakers/maya-bruck.jpg]
[practice/building-forms/assets/images/speakers/russ-unger.jpg]
[practice/building-forms/assets/images/speakers/shay-howe.jpg]
[practice/building-forms/assets/images/speakers/tessa-harmon.jpg]
[practice/building-forms/assets/images/speakers/victoria-pater.jpg]
[practice/building-forms/assets/images/speakers/vitaly-friedman.jpg]
[practice/building-forms/assets/images/speakers/zoe-mickley-gillenwater.jpg]
[practice/building-forms/speakers.html]
[practice/building-forms/schedule.html]
[practice/building-forms/venue.html]
[practice/building-forms/register.html]
[practice/organizing-data-with-tables/assets/images/speakers/aaron-irizarry.jpg]
[practice/organizing-data-with-tables/assets/images/speakers/adam-connor.jpg]
[practice/organizing-data-with-tables/assets/images/speakers/aj-self.jpg]
[practice/organizing-data-with-tables/assets/images/speakers/arman-ghosh.jpg]
[practice/organizing-data-with-tables/assets/images/speakers/bermon-painter.jpg]
[practice/organizing-data-with-tables/assets/images/speakers/brad-smith.jpg]
[practice/organizing-data-with-tables/assets/images/speakers/candi-lemoine.jpg]
[practice/organizing-data-with-tables/assets/images/speakers/carolyn-chandler.jpg]
[practice/organizing-data-with-tables/assets/images/speakers/chris-mills.jpg]
[practice/organizing-data-with-tables/assets/images/speakers/dan-denney.jpg]
[practice/organizing-data-with-tables/assets/images/speakers/darby-frey.jpg]
[practice/organizing-data-with-tables/assets/images/speakers/erica-decker.jpg]
[practice/organizing-data-with-tables/assets/images/speakers/estelle-weyl.jpg]
[practice/organizing-data-with-tables/assets/images/speakers/jen-myers.jpg]
[practice/organizing-data-with-tables/assets/images/speakers/jenn-downs.jpg]
[practice/organizing-data-with-tables/assets/images/speakers/jennifer-jones.jpg]
[practice/organizing-data-with-tables/assets/images/speakers/leslie-jensen-inman.jpg]
[practice/organizing-data-with-tables/assets/images/speakers/maya-bruck.jpg]
[practice/organizing-data-with-tables/assets/images/speakers/russ-unger.jpg]
[practice/organizing-data-with-tables/assets/images/speakers/shay-howe.jpg]
[practice/organizing-data-with-tables/assets/images/speakers/tessa-harmon.jpg]
[practice/organizing-data-with-tables/assets/images/speakers/victoria-pater.jpg]
[practice/organizing-data-with-tables/assets/images/speakers/vitaly-friedman.jpg]
[practice/organizing-data-with-tables/assets/images/speakers/zoe-mickley-gillenwater.jpg]
[practice/organizing-data-with-tables/speakers.html]
[practice/organizing-data-with-tables/schedule.html]
[practice/organizing-data-with-tables/venue.html]
[practice/organizing-data-with-tables/register.html]
[assets/misc/type/239878/180FBBD7C8C4DD7EC.css]
[carbon6aba.js]
[assets/images/forms/arrow.png]
[assets/images/share/share.png]
[assets/images/primary-nav/primary-nav.png]
[assets/images/triangles/triangles.png]
[assets/stylesheets/main.css]
[practice/building-your-first-web-page/index.html]
[assets/embed/ei.js]
[practice/getting-to-know-html/index.html]
[practice/opening-the-box-model/index.html]
[practice/positioning-content/index.html]
[practice/working-with-typography/index.html]
[practice/setting-backgrounds-and-gradients/index.html]
[practice/creating-lists/index.html]
[practice/adding-media/index.html]
[practice/building-forms/index.html]
[practice/organizing-data-with-tables/index.html]
[practice/building-your-first-web-page/assets/stylesheets/main.css]
[practice/getting-to-know-html/assets/stylesheets/main.css]
[practice/opening-the-box-model/assets/stylesheets/main.css]
[practice/positioning-content/assets/stylesheets/main.css]
[practice/working-with-typography/assets/stylesheets/main.css]
[practice/setting-backgrounds-and-gradients/assets/stylesheets/main.css]
[practice/creating-lists/assets/stylesheets/main.css]
[practice/adding-media/assets/stylesheets/main.css]
[practice/building-forms/assets/stylesheets/main.css]
[practice/organizing-data-with-tables/assets/stylesheets/main.css]
[assets/images/forms/arrow.svg]
[assets/images/share/share.svg]
[assets/images/primary-nav/primary-nav.svg]
[assets/images/triangles/triangles.svg]
[assets/misc/courses/html-css/adding-media/earth.ogv]
